#Method,SeriesIndex,ResIndex,ResName,coreHelix,surrHelix,coreSheet,surrSheet,Turn,Other,Variability
window/3/,,2,PRO,0.0000,0.0116,0.0000,0.0319,0.1984,0.7581,0.2965
window/3/,,3,VAL,0.0000,0.0000,0.2099,0.3671,0.0411,0.3819,0.4524
window/3/,,4,ASP,0.0000,0.0000,0.4244,0.4114,0.0134,0.1508,0.3653
window/3/,,5,LEU,0.0006,0.2871,0.0000,0.0000,0.6305,0.0818,0.3453
window/3/,,6,SER,0.1957,0.7207,0.0000,0.0000,0.0802,0.0035,0.3582
window/3/,,7,LYS,0.0386,0.5772,0.0000,0.0000,0.3555,0.0287,0.4032
window/3/,,8,TRP,0.8586,0.1398,0.0000,0.0000,0.0015,0.0001,0.2429
window/3/,,9,SER,0.0044,0.3800,0.0000,0.0003,0.5500,0.0652,0.3273
window/3/,,10,GLY,0.0000,0.0106,0.0001,0.0294,0.3607,0.5993,0.1702
window/3/,,11,PRO,0.4152,0.5463,0.0000,0.0000,0.0364,0.0021,0.4194
window/3/,,12,LEU,0.3271,0.5381,0.0129,0.0408,0.0359,0.0452,0.5086
window/3/,,13,SER,0.0000,0.0000,0.0085,0.0623,0.7754,0.1539,0.3428
window/3/,,14,LEU,0.0000,0.0663,0.0287,0.2209,0.4235,0.2606,0.4753
window/3/,,15,GLN,0.0996,0.3552,0.0000,0.0002,0.4830,0.0620,0.5240
window/3/,,16,GLU,0.1034,0.4400,0.0000,0.0000,0.4112,0.0454,0.4804
window/3/,,17,VAL,0.0886,0.3054,0.2499,0.2209,0.0420,0.0931,0.6365
window/3/,,18,ASP,0.0000,0.0000,0.2158,0.1819,0.0704,0.5319,0.5346
window/3/,,19,GLU,0.0570,0.0244,0.0052,0.1231,0.0933,0.6969,0.3899
window/3/,,20,GLN,0.0000,0.0000,0.0218,0.0802,0.2259,0.6720,0.3279
window/3/,,21,PRO,0.0000,0.0000,0.0002,0.0457,0.1067,0.8475,0.0817
window/3/,,22,GLN,0.3838,0.5609,0.0000,0.0000,0.0508,0.0046,0.4558
window/3/,,23,HIS,0.0000,0.0000,0.8260,0.1681,0.0004,0.0055,0.0830
window/3/,,24,PRO,0.0000,0.0000,0.0002,0.0646,0.1022,0.8329,0.0743
window/3/,,25,LEU,0.0000,0.0000,0.5782,0.3594,0.0052,0.0572,0.3042
window/3/,,26,HIS,0.0000,0.0000,0.6325,0.3134,0.0066,0.0476,0.2674
window/3/,,27,VAL,0.0000,0.0000,0.7400,0.2483,0.0009,0.0108,0.1525
window/3/,,28,THR,0.0000,0.0000,0.7932,0.1992,0.0005,0.0071,0.0897
window/3/,,29,TYR,0.0000,0.0000,0.8498,0.1425,0.0004,0.0073,0.0446
window/3/,,30,ALA,0.0000,0.0021,0.0006,0.0837,0.1416,0.7720,0.1309
window/3/,,31,GLY,0.0000,0.0002,0.0000,0.0000,0.9718,0.0280,0.0204
window/3/,,32,ALA,0.0000,0.0001,0.0512,0.0957,0.5566,0.2965,0.4086
window/3/,,33,ALA,0.0000,0.0000,0.1757,0.3825,0.0403,0.4015,0.4132
window/3/,,34,VAL,0.0000,0.0000,0.4192,0.4491,0.0264,0.1053,0.3224
window/3/,,35,ASP,0.0008,0.4911,0.0000,0.0006,0.4123,0.0951,0.3643
window/3/,,36,GLU,0.0000,0.0000,0.3812,0.3537,0.0236,0.2415,0.4690
window/3/,,37,LEU,0.0000,0.0000,0.0110,0.2398,0.0759,0.6733,0.2256
window/3/,,38,GLY,0.0000,0.0000,0.0000,0.0000,0.9616,0.0384,0.0193
window/3/,,39,LYS,0.0000,0.0000,0.0001,0.0517,0.1032,0.8450,0.0524
window/3/,,40,VAL,0.0000,0.0000,0.1526,0.5516,0.0260,0.2698,0.2242
window/3/,,41,LEU,0.0000,0.0000,0.7626,0.2273,0.0008,0.0094,0.1351
window/3/,,42,THR,0.0000,0.0000,0.2266,0.4598,0.0293,0.2843,0.3883
window/3/,,43,PRO,0.5544,0.4379,0.0000,0.0000,0.0076,0.0002,0.3300
window/3/,,44,THR,0.5032,0.4807,0.0000,0.0000,0.0155,0.0006,0.4290
window/3/,,45,GLN,0.2144,0.6405,0.0000,0.0000,0.1343,0.0108,0.4242
window/3/,,46,VAL,0.0001,0.0782,0.0002,0.0082,0.7346,0.1787,0.2249
window/3/,,47,LYS,0.3893,0.5549,0.0000,0.0000,0.0528,0.0029,0.4578
window/3/,,48,ASN,0.0000,0.0000,0.5220,0.4068,0.0063,0.0649,0.3394
window/3/,,49,ARG,0.0000,0.0000,0.0051,0.1362,0.0914,0.7673,0.2504
window/3/,,50,PRO,0.0000,0.0000,0.0000,0.0151,0.1139,0.8711,0.0194
window/3/,,51,THR,0.0730,0.6872,0.0000,0.0000,0.2194,0.0204,0.3363
window/3/,,52,SER,0.0000,0.0000,0.7750,0.1842,0.0018,0.0390,0.2205
window/3/,,53,ILE,0.0000,0.0000,0.7651,0.2275,0.0005,0.0069,0.1395
window/3/,,54,SER,0.0000,0.0000,0.8320,0.1558,0.0005,0.0117,0.0481
window/3/,,55,TRP,0.0000,0.0000,0.7874,0.1886,0.0009,0.0231,0.1621
window/3/,,56,ASP,0.0001,0.0100,0.0157,0.2568,0.1525,0.5650,0.3363
window/3/,,57,GLY,0.0000,0.0099,0.0000,0.0000,0.9518,0.0382,0.0978
window/3/,,58,LEU,0.0000,0.0000,0.0115,0.2183,0.0816,0.6886,0.2311
window/3/,,59,ASP,0.0053,0.4519,0.0143,0.0099,0.4644,0.0542,0.3614
window/3/,,60,SER,0.0015,0.0186,0.0000,0.0000,0.9301,0.0499,0.1880
window/3/,,61,GLY,0.0035,0.5935,0.0000,0.0004,0.3394,0.0632,0.3162
window/3/,,62,LYS,0.0000,0.0000,0.1416,0.4567,0.0367,0.3651,0.3647
window/3/,,63,LEU,0.0000,0.0000,0.2959,0.5387,0.0151,0.1503,0.2721
window/3/,,64,TYR,0.0000,0.0000,0.8663,0.1289,0.0003,0.0046,0.0304
window/3/,,65,THR,0.0000,0.0000,0.7685,0.2225,0.0006,0.0084,0.0800
window/3/,,66,LEU,0.0000,0.0000,0.7996,0.1944,0.0004,0.0057,0.0607
window/3/,,67,VAL,0.0000,0.0000,0.8283,0.1669,0.0003,0.0045,0.0494
window/3/,,68,LEU,0.0000,0.0000,0.6522,0.3238,0.0021,0.0219,0.1249
window/3/,,69,THR,0.0000,0.0000,0.8505,0.1431,0.0004,0.0060,0.0625
window/3/,,70,ASP,0.0000,0.0000,0.6167,0.3580,0.0021,0.0232,0.1606
window/3/,,71,PRO,0.2133,0.7149,0.0000,0.0000,0.0684,0.0034,0.3436
window/3/,,72,ASP,0.2062,0.6783,0.0000,0.0001,0.0917,0.0236,0.4102
window/3/,,73,ALA,0.0000,0.0001,0.0000,0.0000,0.7700,0.2298,0.1403
window/3/,,74,PRO,0.0000,0.1626,0.0000,0.0001,0.7357,0.1016,0.1857
window/3/,,75,SER,0.0000,0.0000,0.8077,0.1735,0.0009,0.0179,0.1615
window/3/,,76,ARG,0.2672,0.7000,0.0000,0.0000,0.0316,0.0012,0.3779
window/3/,,77,LYS,0.1380,0.5580,0.0003,0.0079,0.2577,0.0381,0.4680
window/3/,,78,ASP,0.0000,0.0000,0.0330,0.4290,0.1550,0.3830,0.2916
window/3/,,79,PRO,0.0000,0.0044,0.0002,0.0502,0.6240,0.3212,0.1677
window/3/,,80,LYS,0.7047,0.2900,0.0000,0.0000,0.0050,0.0003,0.3698
window/3/,,81,TYR,0.0000,0.1473,0.0000,0.0000,0.7569,0.0958,0.1271
window/3/,,82,ARG,0.0000,0.0000,0.0037,0.1490,0.0843,0.7630,0.1835
window/3/,,83,GLU,0.0000,0.0000,0.0380,0.4705,0.0461,0.4455,0.2621
window/3/,,84,TRP,0.0000,0.0000,0.7659,0.2269,0.0005,0.0068,0.0975
window/3/,,85,HIS,0.0000,0.0000,0.5696,0.3751,0.0048,0.0506,0.2784
window/3/,,86,HIS,0.0033,0.2541,0.0000,0.0000,0.6537,0.0889,0.3971
window/3/,,87,PHE,0.0000,0.0000,0.2172,0.2730,0.0428,0.4670,0.4494
window/3/,,88,LEU,0.0000,0.0000,0.6417,0.3246,0.0029,0.0309,0.1641
window/3/,,89,VAL,0.0000,0.0000,0.8188,0.1768,0.0003,0.0041,0.0379
window/3/,,90,VAL,0.0000,0.0000,0.7548,0.2344,0.0008,0.0100,0.1177
window/3/,,91,ASN,0.0000,0.0000,0.0000,0.0000,0.9558,0.0442,0.0152
window/3/,,92,MET,0.0000,0.0000,0.0733,0.4737,0.0423,0.4107,0.2918
window/3/,,93,LYS,0.0000,0.0000,0.6865,0.2194,0.0097,0.0844,0.4008
window/3/,,94,GLY,0.0000,0.0133,0.0007,0.0113,0.6033,0.3713,0.2515
window/3/,,95,ASN,0.0001,0.2427,0.0000,0.0000,0.6854,0.0718,0.2538
window/3/,,96,ASP,0.0000,0.0000,0.4945,0.4144,0.0087,0.0824,0.3029
window/3/,,97,ILE,0.4604,0.4979,0.0000,0.0000,0.0396,0.0022,0.4457
window/3/,,98,SER,0.1053,0.6571,0.0000,0.0000,0.2223,0.0152,0.4269
window/3/,,99,SER,0.3834,0.5307,0.0000,0.0000,0.0795,0.0064,0.4616
window/3/,,100,GLY,0.0000,0.0000,0.0015,0.3058,0.1072,0.5854,0.1990
window/3/,,101,THR,0.0000,0.0000,0.6852,0.2965,0.0014,0.0169,0.1326
window/3/,,102,VAL,0.0000,0.0000,0.1758,0.5097,0.0321,0.2825,0.2739
window/3/,,103,LEU,0.0821,0.6792,0.0000,0.0049,0.1766,0.0572,0.4311
window/3/,,104,SER,0.0000,0.0000,0.5565,0.2418,0.0275,0.1742,0.4653
window/3/,,105,ASP,0.0000,0.0000,0.1218,0.4283,0.0540,0.3959,0.4426
window/3/,,106,TYR,0.0000,0.0000,0.1697,0.4502,0.0386,0.3415,0.3704
window/3/,,107,VAL,0.0339,0.4717,0.0000,0.0000,0.4460,0.0483,0.3860
window/3/,,108,GLY,0.0000,0.0005,0.0566,0.3033,0.2860,0.3535,0.5424
window/3/,,109,SER,0.0000,0.0000,0.5032,0.3284,0.0177,0.1507,0.4281
window/3/,,110,GLY,0.0000,0.0000,0.0633,0.5392,0.0890,0.3086,0.3260
window/3/,,111,PRO,0.0000,0.0000,0.0002,0.0492,0.1044,0.8462,0.0836
window/3/,,112,PRO,0.0000,0.0000,0.0000,0.0301,0.1085,0.8614,0.0386
window/3/,,113,LYS,0.0000,0.0000,0.0015,0.0776,0.1216,0.7993,0.1709
window/3/,,114,GLY,0.0000,0.0000,0.0020,0.1141,0.2685,0.6154,0.4447
window/3/,,115,THR,0.0001,0.0621,0.0327,0.1910,0.2236,0.4904,0.5139
window/3/,,116,GLY,0.0000,0.0003,0.0010,0.1186,0.1974,0.6826,0.2612
window/3/,,117,LEU,0.0000,0.0000,0.1985,0.3837,0.0415,0.3763,0.4373
window/3/,,118,HIS,0.0000,0.0000,0.6060,0.3511,0.0035,0.0394,0.2668
window/3/,,119,ARG,0.0000,0.0000,0.4913,0.4279,0.0071,0.0737,0.2844
window/3/,,120,TYR,0.0000,0.0000,0.7795,0.2128,0.0005,0.0071,0.0938
window/3/,,121,VAL,0.0000,0.0000,0.7777,0.2150,0.0005,0.0068,0.0556
window/3/,,122,TRP,0.0000,0.0000,0.4024,0.4861,0.0096,0.1019,0.2556
window/3/,,123,LEU,0.0000,0.0000,0.8328,0.1633,0.0002,0.0037,0.0427
window/3/,,124,VAL,0.0000,0.0000,0.6561,0.3187,0.0022,0.0230,0.1877
window/3/,,125,TYR,0.0000,0.0000,0.5745,0.3723,0.0048,0.0484,0.3255
window/3/,,126,GLU,0.0000,0.0000,0.1186,0.5176,0.0340,0.3297,0.3010
window/3/,,127,GLN,0.0000,0.0000,0.7645,0.2188,0.0014,0.0153,0.2225
window/3/,,128,ASP,0.0255,0.5088,0.0000,0.0000,0.4251,0.0406,0.3908
window/3/,,129,ARG,0.0000,0.0000,0.8043,0.1741,0.0009,0.0206,0.1217
window/3/,,130,PRO,0.0000,0.0000,0.0015,0.0967,0.1022,0.7996,0.1431
window/3/,,131,LEU,0.0000,0.0000,0.3726,0.4600,0.0150,0.1525,0.3477
window/3/,,132,LYS,0.0043,0.0373,0.3558,0.3153,0.1074,0.1799,0.5146
window/3/,,133,CYS,0.0000,0.0000,0.1828,0.3880,0.0752,0.3539,0.4649
window/3/,,134,ASP,0.0197,0.3647,0.0000,0.0000,0.5431,0.0725,0.4408
window/3/,,135,GLU,0.0000,0.0000,0.1543,0.2705,0.0592,0.5160,0.4844
window/3/,,136,PRO,0.0000,0.0000,0.0001,0.0498,0.1113,0.8387,0.0740
window/3/,,137,ILE,0.0000,0.0000,0.2722,0.4563,0.0272,0.2443,0.3825
window/3/,,138,LEU,0.0516,0.5171,0.0000,0.0000,0.3856,0.0457,0.4615
window/3/,,139,SER,0.0000,0.0192,0.0000,0.0011,0.7181,0.2616,0.2466
window/3/,,140,ASN,0.0014,0.2314,0.0000,0.0000,0.6895,0.0777,0.2859
window/3/,,141,ARG,0.0000,0.0000,0.5420,0.3362,0.0157,0.1061,0.4268
window/3/,,142,SER,0.0000,0.0000,0.0000,0.0003,0.3356,0.6641,0.4171
window/3/,,143,GLY,0.2524,0.6922,0.0000,0.0000,0.0506,0.0048,0.3443
window/3/,,144,ASP,0.6717,0.2891,0.0000,0.0000,0.0371,0.0021,0.4747
window/3/,,145,HIS,0.0619,0.5620,0.0000,0.0032,0.3120,0.0608,0.4478
window/3/,,146,ARG,0.0654,0.4039,0.0000,0.0000,0.4844,0.0462,0.4045
window/3/,,147,GLY,0.0000,0.0000,0.0379,0.3379,0.0653,0.5589,0.3303
window/3/,,148,LYS,0.0000,0.0000,0.0000,0.0000,0.9397,0.0603,0.0434
window/3/,,149,PHE,0.0000,0.0000,0.1347,0.3949,0.0455,0.4249,0.3950
window/3/,,150,LYS,0.0000,0.0001,0.1456,0.3552,0.1905,0.3086,0.4390
window/3/,,151,VAL,0.7997,0.1984,0.0000,0.0000,0.0018,0.0001,0.2106
window/3/,,152,ALA,0.8771,0.1221,0.0000,0.0000,0.0007,0.0000,0.0909
window/3/,,153,SER,0.8550,0.1439,0.0000,0.0000,0.0010,0.0001,0.1412
window/3/,,154,PHE,0.9256,0.0740,0.0000,0.0000,0.0004,0.0000,0.0322
window/3/,,155,ARG,0.8394,0.1593,0.0000,0.0000,0.0012,0.0001,0.1923
window/3/,,156,LYS,0.7940,0.2037,0.0000,0.0000,0.0021,0.0001,0.2498
window/3/,,157,LYS,0.8619,0.1370,0.0000,0.0000,0.0010,0.0001,0.1662
window/3/,,158,TYR,0.0001,0.3322,0.0000,0.0000,0.6081,0.0596,0.2114
window/3/,,159,GLU,0.0000,0.0000,0.0000,0.0000,0.8524,0.1476,0.0939
window/3/,,160,LEU,0.0000,0.0000,0.0140,0.2293,0.0748,0.6820,0.2326
window/3/,,161,ARG,0.1886,0.0345,0.1682,0.4151,0.0239,0.1698,0.5354
window/3/,,162,ALA,0.0000,0.0000,0.1772,0.0607,0.0882,0.6739,0.4913
window/3/,,163,PRO,0.0000,0.0000,0.0032,0.1433,0.0916,0.7619,0.1871
window/3/,,164,VAL,0.0915,0.7542,0.0000,0.0003,0.1215,0.0324,0.2779
window/3/,,165,ALA,0.0000,0.0000,0.8414,0.1458,0.0005,0.0123,0.0580
window/3/,,166,GLY,0.0000,0.0000,0.4127,0.4487,0.0045,0.1342,0.3297
window/3/,,167,THR,0.0000,0.0000,0.6453,0.2938,0.0025,0.0583,0.1057
window/3/,,168,CYS,0.0000,0.0000,0.8591,0.1363,0.0002,0.0044,0.0309
window/3/,,169,TYR,0.0000,0.0000,0.7682,0.2200,0.0008,0.0110,0.1042
window/3/,,170,GLN,0.0000,0.0000,0.8448,0.1504,0.0003,0.0045,0.0513
window/3/,,171,ALA,0.0000,0.0000,0.8404,0.1480,0.0005,0.0111,0.0566
window/3/,,172,GLU,0.0000,0.0000,0.7221,0.2587,0.0015,0.0177,0.2174
window/3/,,173,TRP,0.0000,0.0000,0.0002,0.0535,0.1050,0.8413,0.0766
window/3/,,174,ASP,0.0000,0.0000,0.7566,0.2111,0.0018,0.0305,0.1365
window/3/,,175,ASP,0.4441,0.5349,0.0000,0.0000,0.0203,0.0007,0.4179
window/3/,,176,TYR,0.3596,0.5948,0.0000,0.0000,0.0422,0.0033,0.4228
window/3/,,177,VAL,0.9048,0.0946,0.0000,0.0000,0.0005,0.0000,0.0626
window/3/,,178,PRO,0.6105,0.3850,0.0000,0.0000,0.0043,0.0001,0.2717
window/3/,,179,LYS,0.6140,0.3772,0.0000,0.0000,0.0085,0.0004,0.3707
window/3/,,180,LEU,0.8692,0.1299,0.0000,0.0000,0.0009,0.0000,0.1445
window/3/,,181,TYR,0.7927,0.2051,0.0000,0.0000,0.0021,0.0001,0.2412
window/3/,,182,GLU,0.8774,0.1217,0.0000,0.0000,0.0009,0.0000,0.1515
window/3/,,183,GLN,0.7954,0.2028,0.0000,0.0000,0.0017,0.0001,0.1906
window/3/,,184,LEU,0.4568,0.4039,0.0000,0.0004,0.1116,0.0272,0.5085
window/3/,,185,SER,0.0719,0.3019,0.0347,0.1022,0.2916,0.1977,0.5913
window/3/,,186,GLY,0.0000,0.0002,0.0001,0.0794,0.3324,0.5878,0.4301
