#Method,SeriesIndex,ResIndex,ResName,coreHelix,surrHelix,coreSheet,surrSheet,Turn,Other,Variability
window/3/,,2,PRO,0.0000,0.0000,0.0000,0.0441,0.1003,0.8556,0.0105
