#Method,SeriesIndex,ResIndex,ResName,coreHelix,surrHelix,coreSheet,surrSheet,Turn,Other,Variability
bootstrap/3/10/89/,,2,PRO,0.0000,0.0001,0.0000,0.0254,0.2327,0.7418,0.1981
bootstrap/3/10/89/,,3,VAL,0.0000,0.0000,0.1133,0.3781,0.0463,0.4624,0.3932
bootstrap/3/10/89/,,4,ASP,0.0000,0.0000,0.6054,0.3205,0.0057,0.0684,0.3095
bootstrap/3/10/89/,,5,LEU,0.0007,0.3861,0.0000,0.0000,0.5518,0.0613,0.3568
bootstrap/3/10/89/,,6,SER,0.1739,0.7908,0.0000,0.0000,0.0340,0.0012,0.2419
bootstrap/3/10/89/,,7,LYS,0.0107,0.5679,0.0000,0.0000,0.3942,0.0271,0.3606
bootstrap/3/10/89/,,8,TRP,0.8569,0.1421,0.0000,0.0000,0.0010,0.0000,0.1854
bootstrap/3/10/89/,,9,SER,0.0010,0.4317,0.0000,0.0000,0.5089,0.0584,0.2928
bootstrap/3/10/89/,,10,GLY,0.0000,0.0159,0.0001,0.0252,0.4194,0.5394,0.1694
bootstrap/3/10/89/,,11,PRO,0.5324,0.4415,0.0000,0.0000,0.0246,0.0014,0.4390
bootstrap/3/10/89/,,12,LEU,0.2738,0.3504,0.0000,0.0021,0.2849,0.0888,0.5164
bootstrap/3/10/89/,,13,SER,0.0000,0.0000,0.0000,0.0003,0.8120,0.1876,0.2279
bootstrap/3/10/89/,,14,LEU,0.0000,0.0177,0.0007,0.0423,0.5535,0.3859,0.3146
bootstrap/3/10/89/,,15,GLN,0.0136,0.4336,0.0000,0.0001,0.5021,0.0506,0.5083
bootstrap/3/10/89/,,16,GLU,0.0093,0.5429,0.0000,0.0000,0.4034,0.0444,0.3920
bootstrap/3/10/89/,,17,VAL,0.0000,0.0026,0.0447,0.2316,0.2877,0.4334,0.3368
bootstrap/3/10/89/,,18,ASP,0.0000,0.0000,0.0408,0.2961,0.0548,0.6083,0.3056
bootstrap/3/10/89/,,19,GLU,0.0000,0.0001,0.0020,0.1319,0.1698,0.6963,0.1682
bootstrap/3/10/89/,,20,GLN,0.0000,0.0000,0.0014,0.0526,0.1937,0.7523,0.1574
bootstrap/3/10/89/,,21,PRO,0.0000,0.0000,0.0000,0.0419,0.1027,0.8554,0.0126
bootstrap/3/10/89/,,22,GLN,0.5992,0.3858,0.0000,0.0000,0.0138,0.0011,0.3715
bootstrap/3/10/89/,,23,HIS,0.0000,0.0000,0.8100,0.1839,0.0004,0.0057,0.0637
bootstrap/3/10/89/,,24,PRO,0.0000,0.0000,0.0006,0.0828,0.1021,0.8145,0.1211
bootstrap/3/10/89/,,25,LEU,0.0000,0.0000,0.5959,0.3624,0.0032,0.0386,0.2452
bootstrap/3/10/89/,,26,HIS,0.0000,0.0000,0.6150,0.3535,0.0038,0.0278,0.2546
bootstrap/3/10/89/,,27,VAL,0.0000,0.0000,0.7529,0.2341,0.0009,0.0121,0.1646
bootstrap/3/10/89/,,28,THR,0.0000,0.0000,0.8069,0.1870,0.0004,0.0057,0.0691
bootstrap/3/10/89/,,29,TYR,0.0000,0.0000,0.8507,0.1406,0.0004,0.0083,0.0618
bootstrap/3/10/89/,,30,ALA,0.0000,0.0000,0.0002,0.0673,0.2075,0.7249,0.1564
bootstrap/3/10/89/,,31,GLY,0.0000,0.0002,0.0000,0.0000,0.9650,0.0348,0.0209
bootstrap/3/10/89/,,32,ALA,0.0000,0.0002,0.0001,0.0397,0.5955,0.3645,0.3088
bootstrap/3/10/89/,,33,ALA,0.0000,0.0000,0.1035,0.3847,0.0429,0.4689,0.3327
bootstrap/3/10/89/,,34,VAL,0.0000,0.0000,0.4242,0.4975,0.0106,0.0677,0.2597
bootstrap/3/10/89/,,35,ASP,0.0007,0.5218,0.0000,0.0006,0.3804,0.0965,0.3375
bootstrap/3/10/89/,,36,GLU,0.0000,0.0000,0.2308,0.4142,0.0302,0.3249,0.4022
bootstrap/3/10/89/,,37,LEU,0.0000,0.0000,0.0149,0.2631,0.0710,0.6511,0.2068
bootstrap/3/10/89/,,38,GLY,0.0000,0.0000,0.0000,0.0000,0.9595,0.0405,0.0359
bootstrap/3/10/89/,,39,LYS,0.0000,0.0000,0.0003,0.0680,0.0976,0.8341,0.0594
bootstrap/3/10/89/,,40,VAL,0.0000,0.0000,0.1373,0.5439,0.0296,0.2892,0.1941
bootstrap/3/10/89/,,41,LEU,0.0000,0.0000,0.7123,0.2712,0.0014,0.0150,0.2028
bootstrap/3/10/89/,,42,THR,0.0000,0.0000,0.1663,0.4933,0.0306,0.3097,0.3037
bootstrap/3/10/89/,,43,PRO,0.6032,0.3909,0.0000,0.0000,0.0057,0.0001,0.2798
bootstrap/3/10/89/,,44,THR,0.5637,0.4235,0.0000,0.0000,0.0124,0.0005,0.3939
bootstrap/3/10/89/,,45,GLN,0.2138,0.6918,0.0000,0.0000,0.0892,0.0052,0.3948
bootstrap/3/10/89/,,46,VAL,0.0000,0.1095,0.0000,0.0001,0.7547,0.1358,0.1702
bootstrap/3/10/89/,,47,LYS,0.4197,0.5702,0.0000,0.0000,0.0098,0.0003,0.3615
bootstrap/3/10/89/,,48,ASN,0.0000,0.0000,0.5618,0.3829,0.0045,0.0508,0.3062
bootstrap/3/10/89/,,49,ARG,0.0000,0.0000,0.0007,0.1103,0.0944,0.7946,0.0839
bootstrap/3/10/89/,,50,PRO,0.0000,0.0000,0.0000,0.0170,0.1179,0.8651,0.0197
bootstrap/3/10/89/,,51,THR,0.0084,0.8080,0.0000,0.0000,0.1700,0.0135,0.1100
bootstrap/3/10/89/,,52,SER,0.0000,0.0000,0.8201,0.1662,0.0005,0.0132,0.0488
bootstrap/3/10/89/,,53,ILE,0.0000,0.0000,0.8120,0.1828,0.0003,0.0049,0.0629
bootstrap/3/10/89/,,54,SER,0.0000,0.0000,0.8280,0.1599,0.0005,0.0117,0.0465
bootstrap/3/10/89/,,55,TRP,0.0000,0.0000,0.8266,0.1600,0.0005,0.0129,0.0653
bootstrap/3/10/89/,,56,ASP,0.0000,0.0000,0.0153,0.2388,0.1418,0.6041,0.2632
bootstrap/3/10/89/,,57,GLY,0.0000,0.0000,0.0000,0.0000,0.9617,0.0383,0.0244
bootstrap/3/10/89/,,58,LEU,0.0000,0.0000,0.0243,0.3006,0.0638,0.6112,0.2631
bootstrap/3/10/89/,,59,ASP,0.0037,0.6076,0.0000,0.0012,0.3369,0.0506,0.3691
bootstrap/3/10/89/,,60,SER,0.0000,0.0001,0.0000,0.0000,0.9490,0.0509,0.0484
bootstrap/3/10/89/,,61,GLY,0.0482,0.4983,0.0000,0.0002,0.3882,0.0651,0.3272
bootstrap/3/10/89/,,62,LYS,0.0000,0.0000,0.1303,0.5207,0.0306,0.3183,0.2942
bootstrap/3/10/89/,,63,LEU,0.0000,0.0000,0.3542,0.5510,0.0084,0.0864,0.1743
bootstrap/3/10/89/,,64,TYR,0.0000,0.0000,0.8664,0.1288,0.0003,0.0045,0.0242
bootstrap/3/10/89/,,65,THR,0.0000,0.0000,0.7994,0.1942,0.0004,0.0060,0.0328
bootstrap/3/10/89/,,66,LEU,0.0000,0.0000,0.8022,0.1918,0.0004,0.0057,0.0291
bootstrap/3/10/89/,,67,VAL,0.0000,0.0000,0.8229,0.1720,0.0003,0.0047,0.0436
bootstrap/3/10/89/,,68,LEU,0.0000,0.0000,0.6553,0.3179,0.0024,0.0244,0.1601
bootstrap/3/10/89/,,69,THR,0.0000,0.0000,0.8456,0.1479,0.0004,0.0060,0.0650
bootstrap/3/10/89/,,70,ASP,0.0000,0.0000,0.6824,0.3033,0.0011,0.0132,0.0668
bootstrap/3/10/89/,,71,PRO,0.1325,0.8025,0.0000,0.0000,0.0615,0.0034,0.2245
bootstrap/3/10/89/,,72,ASP,0.0571,0.8383,0.0000,0.0001,0.0871,0.0174,0.1360
bootstrap/3/10/89/,,73,ALA,0.0000,0.0002,0.0000,0.0000,0.7502,0.2496,0.0916
bootstrap/3/10/89/,,74,PRO,0.0000,0.1146,0.0000,0.0001,0.7792,0.1061,0.1274
bootstrap/3/10/89/,,75,SER,0.0000,0.0000,0.8632,0.1293,0.0003,0.0072,0.0237
bootstrap/3/10/89/,,76,ARG,0.3661,0.6244,0.0000,0.0000,0.0093,0.0003,0.2364
bootstrap/3/10/89/,,77,LYS,0.1787,0.6594,0.0000,0.0000,0.1498,0.0121,0.4671
bootstrap/3/10/89/,,78,ASP,0.0000,0.0000,0.0184,0.4969,0.1375,0.3473,0.2269
bootstrap/3/10/89/,,79,PRO,0.0000,0.0040,0.0001,0.0413,0.6324,0.3223,0.1327
bootstrap/3/10/89/,,80,LYS,0.7933,0.2052,0.0000,0.0000,0.0014,0.0000,0.1415
bootstrap/3/10/89/,,81,TYR,0.0000,0.1631,0.0000,0.0000,0.7446,0.0922,0.1007
bootstrap/3/10/89/,,82,ARG,0.0000,0.0000,0.0031,0.1818,0.0792,0.7359,0.1055
bootstrap/3/10/89/,,83,GLU,0.0000,0.0000,0.0200,0.3656,0.0587,0.5557,0.1986
bootstrap/3/10/89/,,84,TRP,0.0000,0.0000,0.7869,0.2069,0.0004,0.0058,0.0784
bootstrap/3/10/89/,,85,HIS,0.0000,0.0000,0.5408,0.4109,0.0039,0.0444,0.2009
bootstrap/3/10/89/,,86,HIS,0.0001,0.2805,0.0000,0.0000,0.6431,0.0763,0.2643
bootstrap/3/10/89/,,87,PHE,0.0000,0.0000,0.2046,0.4728,0.0227,0.2999,0.3016
bootstrap/3/10/89/,,88,LEU,0.0000,0.0000,0.6636,0.3086,0.0025,0.0253,0.1310
bootstrap/3/10/89/,,89,VAL,0.0000,0.0000,0.8314,0.1650,0.0002,0.0035,0.0244
bootstrap/3/10/89/,,90,VAL,0.0000,0.0000,0.7883,0.2041,0.0006,0.0070,0.0606
bootstrap/3/10/89/,,91,ASN,0.0000,0.0000,0.0000,0.0000,0.9542,0.0458,0.0140
bootstrap/3/10/89/,,92,MET,0.0000,0.0000,0.0774,0.4357,0.0454,0.4416,0.3015
bootstrap/3/10/89/,,93,LYS,0.0000,0.0000,0.6289,0.3123,0.0050,0.0538,0.3229
bootstrap/3/10/89/,,94,GLY,0.0000,0.0103,0.0004,0.0083,0.6141,0.3669,0.2054
bootstrap/3/10/89/,,95,ASN,0.0005,0.3245,0.0000,0.0000,0.6125,0.0624,0.3346
bootstrap/3/10/89/,,96,ASP,0.0000,0.0000,0.3522,0.5255,0.0115,0.1108,0.2156
bootstrap/3/10/89/,,97,ILE,0.2913,0.6619,0.0000,0.0000,0.0441,0.0028,0.3401
bootstrap/3/10/89/,,98,SER,0.0273,0.7839,0.0000,0.0000,0.1787,0.0101,0.1910
bootstrap/3/10/89/,,99,SER,0.2467,0.6577,0.0000,0.0000,0.0869,0.0087,0.3629
bootstrap/3/10/89/,,100,GLY,0.0000,0.0000,0.0005,0.3252,0.1029,0.5714,0.1487
bootstrap/3/10/89/,,101,THR,0.0000,0.0000,0.7319,0.2564,0.0009,0.0109,0.0567
bootstrap/3/10/89/,,102,VAL,0.0000,0.0000,0.1089,0.5417,0.0375,0.3119,0.1682
bootstrap/3/10/89/,,103,LEU,0.0691,0.7355,0.0000,0.0007,0.1626,0.0320,0.3410
bootstrap/3/10/89/,,104,SER,0.0000,0.0000,0.5313,0.2518,0.0186,0.1983,0.4957
bootstrap/3/10/89/,,105,ASP,0.0000,0.0000,0.0651,0.4175,0.0557,0.4617,0.3290
bootstrap/3/10/89/,,106,TYR,0.0000,0.0000,0.1201,0.5593,0.0311,0.2895,0.1732
bootstrap/3/10/89/,,107,VAL,0.0264,0.5899,0.0000,0.0000,0.3470,0.0367,0.3507
bootstrap/3/10/89/,,108,GLY,0.0000,0.0000,0.0037,0.0617,0.4808,0.4538,0.2803
bootstrap/3/10/89/,,109,SER,0.0000,0.0000,0.5134,0.4195,0.0049,0.0621,0.3183
bootstrap/3/10/89/,,110,GLY,0.0000,0.0000,0.0681,0.6203,0.0539,0.2576,0.1983
bootstrap/3/10/89/,,111,PRO,0.0000,0.0000,0.0001,0.0543,0.1055,0.8401,0.0569
bootstrap/3/10/89/,,112,PRO,0.0000,0.0000,0.0000,0.0276,0.1089,0.8634,0.0335
bootstrap/3/10/89/,,113,LYS,0.0000,0.0003,0.0006,0.0850,0.1332,0.7809,0.1711
bootstrap/3/10/89/,,114,GLY,0.0000,0.0000,0.0074,0.1442,0.3280,0.5203,0.4011
bootstrap/3/10/89/,,115,THR,0.0000,0.0001,0.0029,0.0901,0.2843,0.6226,0.2727
bootstrap/3/10/89/,,116,GLY,0.0000,0.0000,0.0001,0.1162,0.2021,0.6816,0.2536
bootstrap/3/10/89/,,117,LEU,0.0000,0.0000,0.2231,0.3462,0.0394,0.3913,0.4038
bootstrap/3/10/89/,,118,HIS,0.0000,0.0000,0.6303,0.2802,0.0077,0.0818,0.3443
bootstrap/3/10/89/,,119,ARG,0.0000,0.0000,0.5568,0.3786,0.0056,0.0590,0.3039
bootstrap/3/10/89/,,120,TYR,0.0000,0.0000,0.8032,0.1918,0.0003,0.0047,0.0438
bootstrap/3/10/89/,,121,VAL,0.0000,0.0000,0.7969,0.1969,0.0004,0.0057,0.0372
bootstrap/3/10/89/,,122,TRP,0.0000,0.0000,0.4178,0.4909,0.0081,0.0832,0.1820
bootstrap/3/10/89/,,123,LEU,0.0000,0.0000,0.8433,0.1528,0.0002,0.0036,0.0158
bootstrap/3/10/89/,,124,VAL,0.0000,0.0000,0.7369,0.2511,0.0009,0.0111,0.0648
bootstrap/3/10/89/,,125,TYR,0.0000,0.0000,0.6030,0.3670,0.0025,0.0275,0.1700
bootstrap/3/10/89/,,126,GLU,0.0000,0.0000,0.1718,0.5497,0.0257,0.2528,0.2612
bootstrap/3/10/89/,,127,GLN,0.0000,0.0000,0.7750,0.2134,0.0008,0.0109,0.1284
bootstrap/3/10/89/,,128,ASP,0.0018,0.5590,0.0000,0.0000,0.4022,0.0369,0.2729
bootstrap/3/10/89/,,129,ARG,0.0000,0.0000,0.7192,0.2213,0.0028,0.0566,0.2760
bootstrap/3/10/89/,,130,PRO,0.0000,0.0000,0.0002,0.0725,0.1227,0.8046,0.0801
bootstrap/3/10/89/,,131,LEU,0.0000,0.0000,0.3019,0.5572,0.0118,0.1291,0.2206
bootstrap/3/10/89/,,132,LYS,0.0000,0.0000,0.2582,0.4171,0.1053,0.2195,0.4439
bootstrap/3/10/89/,,133,CYS,0.0000,0.0000,0.1503,0.3852,0.1101,0.3544,0.4581
bootstrap/3/10/89/,,134,ASP,0.0008,0.3458,0.0000,0.0000,0.5761,0.0773,0.3061
bootstrap/3/10/89/,,135,GLU,0.0000,0.0000,0.0177,0.2287,0.0738,0.6798,0.2911
bootstrap/3/10/89/,,136,PRO,0.0000,0.0000,0.0004,0.0796,0.1049,0.8151,0.0970
bootstrap/3/10/89/,,137,ILE,0.0000,0.0000,0.3652,0.4619,0.0170,0.1559,0.3103
bootstrap/3/10/89/,,138,LEU,0.0601,0.4985,0.0000,0.0001,0.3977,0.0437,0.3633
bootstrap/3/10/89/,,139,SER,0.0000,0.0090,0.0000,0.0006,0.7599,0.2305,0.1201
bootstrap/3/10/89/,,140,ASN,0.0000,0.1875,0.0000,0.0000,0.7346,0.0779,0.1591
bootstrap/3/10/89/,,141,ARG,0.0000,0.0000,0.5537,0.3999,0.0037,0.0428,0.2654
bootstrap/3/10/89/,,142,SER,0.0000,0.0000,0.0000,0.0001,0.3504,0.6496,0.1717
bootstrap/3/10/89/,,143,GLY,0.3219,0.6534,0.0000,0.0000,0.0232,0.0015,0.3342
bootstrap/3/10/89/,,144,ASP,0.6306,0.3617,0.0000,0.0000,0.0072,0.0004,0.4262
bootstrap/3/10/89/,,145,HIS,0.0178,0.4419,0.0000,0.0009,0.4734,0.0659,0.3611
bootstrap/3/10/89/,,146,ARG,0.0018,0.5602,0.0000,0.0000,0.4020,0.0360,0.2754
bootstrap/3/10/89/,,147,GLY,0.0000,0.0000,0.0122,0.3111,0.0678,0.6089,0.2392
bootstrap/3/10/89/,,148,LYS,0.0000,0.0000,0.0000,0.0000,0.9347,0.0652,0.0296
bootstrap/3/10/89/,,149,PHE,0.0000,0.0000,0.1888,0.4302,0.0406,0.3404,0.4127
bootstrap/3/10/89/,,150,LYS,0.0000,0.0000,0.0984,0.3638,0.1759,0.3618,0.3517
bootstrap/3/10/89/,,151,VAL,0.8886,0.1108,0.0000,0.0000,0.0006,0.0000,0.0315
bootstrap/3/10/89/,,152,ALA,0.8724,0.1267,0.0000,0.0000,0.0008,0.0000,0.1135
bootstrap/3/10/89/,,153,SER,0.8117,0.1867,0.0000,0.0000,0.0015,0.0001,0.1517
bootstrap/3/10/89/,,154,PHE,0.9224,0.0772,0.0000,0.0000,0.0004,0.0000,0.0353
bootstrap/3/10/89/,,155,ARG,0.8220,0.1767,0.0000,0.0000,0.0013,0.0001,0.1650
bootstrap/3/10/89/,,156,LYS,0.8375,0.1610,0.0000,0.0000,0.0013,0.0001,0.1651
bootstrap/3/10/89/,,157,LYS,0.8447,0.1541,0.0000,0.0000,0.0011,0.0001,0.1204
bootstrap/3/10/89/,,158,TYR,0.0000,0.3480,0.0000,0.0000,0.5984,0.0536,0.1394
bootstrap/3/10/89/,,159,GLU,0.0000,0.0000,0.0000,0.0000,0.8600,0.1400,0.0733
bootstrap/3/10/89/,,160,LEU,0.0000,0.0000,0.0216,0.2813,0.0664,0.6307,0.2767
bootstrap/3/10/89/,,161,ARG,0.0000,0.0357,0.0412,0.4456,0.1938,0.2837,0.3785
bootstrap/3/10/89/,,162,ALA,0.0000,0.0000,0.0117,0.1706,0.0789,0.7389,0.2783
bootstrap/3/10/89/,,163,PRO,0.0000,0.0000,0.0020,0.1190,0.0904,0.7886,0.1328
bootstrap/3/10/89/,,164,VAL,0.0421,0.8089,0.0000,0.0002,0.1174,0.0314,0.2060
bootstrap/3/10/89/,,165,ALA,0.0000,0.0000,0.8763,0.1155,0.0004,0.0078,0.0243
bootstrap/3/10/89/,,166,GLY,0.0000,0.0000,0.3888,0.4784,0.0041,0.1287,0.3104
bootstrap/3/10/89/,,167,THR,0.0000,0.0000,0.7018,0.2528,0.0016,0.0437,0.0741
bootstrap/3/10/89/,,168,CYS,0.0000,0.0000,0.8632,0.1323,0.0002,0.0043,0.0147
bootstrap/3/10/89/,,169,TYR,0.0000,0.0000,0.8020,0.1881,0.0006,0.0092,0.0727
bootstrap/3/10/89/,,170,GLN,0.0000,0.0000,0.8531,0.1424,0.0003,0.0043,0.0369
bootstrap/3/10/89/,,171,ALA,0.0000,0.0000,0.8689,0.1230,0.0003,0.0077,0.0162
bootstrap/3/10/89/,,172,GLU,0.0000,0.0000,0.7356,0.2516,0.0009,0.0119,0.1415
bootstrap/3/10/89/,,173,TRP,0.0000,0.0000,0.0001,0.0476,0.1042,0.8481,0.0455
bootstrap/3/10/89/,,174,ASP,0.0000,0.0000,0.7546,0.2147,0.0012,0.0294,0.0733
bootstrap/3/10/89/,,175,ASP,0.4627,0.5321,0.0000,0.0000,0.0051,0.0001,0.2757
bootstrap/3/10/89/,,176,TYR,0.2921,0.6646,0.0000,0.0000,0.0416,0.0017,0.4591
bootstrap/3/10/89/,,177,VAL,0.9087,0.0908,0.0000,0.0000,0.0004,0.0000,0.0258
bootstrap/3/10/89/,,178,PRO,0.7800,0.2179,0.0000,0.0000,0.0020,0.0001,0.1953
bootstrap/3/10/89/,,179,LYS,0.7372,0.2598,0.0000,0.0000,0.0029,0.0001,0.2588
bootstrap/3/10/89/,,180,LEU,0.8804,0.1188,0.0000,0.0000,0.0007,0.0000,0.0902
bootstrap/3/10/89/,,181,TYR,0.7854,0.2125,0.0000,0.0000,0.0020,0.0001,0.2560
bootstrap/3/10/89/,,182,GLU,0.8954,0.1041,0.0000,0.0000,0.0006,0.0000,0.0805
bootstrap/3/10/89/,,183,GLN,0.7089,0.2870,0.0000,0.0000,0.0039,0.0002,0.3261
bootstrap/3/10/89/,,184,LEU,0.2006,0.6855,0.0000,0.0000,0.1056,0.0082,0.3191
bootstrap/3/10/89/,,185,SER,0.0020,0.1879,0.0002,0.0163,0.4377,0.3559,0.5026
bootstrap/3/10/89/,,186,GLY,0.0000,0.0001,0.0004,0.0574,0.5304,0.4118,0.3290
