#Method,SeriesIndex,ResIndex,ResName,coreHelix,surrHelix,coreSheet,surrSheet,Turn,Other,Variability
window/3/,,2,PRO,0.0001,0.0002,0.6273,0.3041,0.0070,0.0614,0.0499
window/3/,,3,VAL,0.0000,0.0000,0.6762,0.2776,0.0031,0.0431,0.0204
window/3/,,4,ASP,nan,nan,nan,nan,nan,nan,nan
window/3/,,5,LEU,0.0060,0.0135,0.5504,0.2971,0.0410,0.0920,0.0843
window/3/,,6,SER,0.1001,0.1476,0.2559,0.2204,0.1298,0.1462,0.1887
window/3/,,7,LYS,0.0380,0.0619,0.4181,0.2753,0.0823,0.1244,0.1866
window/3/,,8,TRP,0.2297,0.2736,0.0494,0.1191,0.1719,0.1563,0.0607
window/3/,,9,SER,0.0099,0.0219,0.5031,0.2990,0.0568,0.1093,0.1081
window/3/,,10,GLY,0.0019,0.0029,0.1128,0.4947,0.0886,0.2991,0.0331
window/3/,,11,PRO,0.1628,0.2115,0.1397,0.1762,0.1536,0.1562,0.1760
window/3/,,12,LEU,nan,nan,nan,nan,nan,nan,nan
window/3/,,13,SER,0.0006,0.0012,0.1121,0.1901,0.2640,0.4321,0.2844
window/3/,,14,LEU,0.0010,0.0030,0.6266,0.2884,0.0177,0.0633,0.0652
window/3/,,15,GLN,0.0478,0.0791,0.3420,0.2657,0.1142,0.1513,0.2082
window/3/,,16,GLU,0.0406,0.0638,0.4073,0.2758,0.0844,0.1280,0.2277
window/3/,,17,VAL,nan,nan,nan,nan,nan,nan,nan
window/3/,,18,ASP,nan,nan,nan,nan,nan,nan,nan
window/3/,,19,GLU,0.0147,0.0198,0.5986,0.2830,0.0196,0.0643,0.1976
window/3/,,20,GLN,nan,nan,nan,nan,nan,nan,nan
window/3/,,21,PRO,0.0000,0.0000,0.6294,0.3070,0.0048,0.0589,0.0620
window/3/,,22,GLN,0.1289,0.1933,0.1453,0.1886,0.1715,0.1725,0.1432
window/3/,,23,HIS,nan,nan,nan,nan,nan,nan,nan
window/3/,,24,PRO,0.0000,0.0000,0.6459,0.2963,0.0042,0.0536,0.0127
window/3/,,25,LEU,nan,nan,nan,nan,nan,nan,nan
window/3/,,26,HIS,0.0000,0.0000,0.6947,0.2656,0.0025,0.0372,0.0085
window/3/,,27,VAL,nan,nan,nan,nan,nan,nan,nan
window/3/,,28,THR,nan,nan,nan,nan,nan,nan,nan
window/3/,,29,TYR,nan,nan,nan,nan,nan,nan,nan
window/3/,,30,ALA,0.0000,0.0001,0.6460,0.2945,0.0056,0.0538,0.0453
window/3/,,31,GLY,0.0021,0.0036,0.0074,0.0618,0.5943,0.3308,0.0816
window/3/,,32,ALA,nan,nan,nan,nan,nan,nan,nan
window/3/,,33,ALA,nan,nan,nan,nan,nan,nan,nan
window/3/,,34,VAL,0.0000,0.0000,0.6924,0.2671,0.0028,0.0378,0.0091
window/3/,,35,ASP,0.0234,0.0545,0.2617,0.3092,0.1436,0.2077,0.1881
window/3/,,36,GLU,nan,nan,nan,nan,nan,nan,nan
window/3/,,37,LEU,0.0000,0.0000,0.6630,0.2862,0.0037,0.0470,0.0098
window/3/,,38,GLY,0.0008,0.0018,0.0045,0.0605,0.5655,0.3669,0.0661
window/3/,,39,LYS,0.0000,0.0000,0.6454,0.2965,0.0043,0.0537,0.0108
window/3/,,40,VAL,0.0000,0.0000,0.6788,0.2764,0.0031,0.0417,0.0065
window/3/,,41,LEU,nan,nan,nan,nan,nan,nan,nan
window/3/,,42,THR,0.0000,0.0000,0.6814,0.2746,0.0028,0.0412,0.0121
window/3/,,43,PRO,0.2309,0.2757,0.0820,0.1216,0.1555,0.1345,0.1111
window/3/,,44,THR,0.1582,0.2194,0.1337,0.1690,0.1625,0.1572,0.1335
window/3/,,45,GLN,0.0868,0.1342,0.2538,0.2325,0.1355,0.1573,0.1974
window/3/,,46,VAL,0.0012,0.0029,0.6207,0.2910,0.0183,0.0658,0.0588
window/3/,,47,LYS,0.1304,0.1868,0.1778,0.1926,0.1540,0.1584,0.1764
window/3/,,48,ASN,nan,nan,nan,nan,nan,nan,nan
window/3/,,49,ARG,0.0000,0.0000,0.6537,0.2917,0.0039,0.0508,0.0169
window/3/,,50,PRO,0.0000,0.0000,0.6244,0.3080,0.0051,0.0625,0.0121
window/3/,,51,THR,0.0504,0.0932,0.3074,0.2608,0.1284,0.1599,0.1605
window/3/,,52,SER,nan,nan,nan,nan,nan,nan,nan
window/3/,,53,ILE,nan,nan,nan,nan,nan,nan,nan
window/3/,,54,SER,nan,nan,nan,nan,nan,nan,nan
window/3/,,55,TRP,nan,nan,nan,nan,nan,nan,nan
window/3/,,56,ASP,0.0003,0.0006,0.6500,0.2892,0.0070,0.0529,0.0532
window/3/,,57,GLY,0.0004,0.0018,0.0189,0.1033,0.5642,0.3115,0.1560
window/3/,,58,LEU,0.0000,0.0000,0.6613,0.2872,0.0038,0.0477,0.0118
window/3/,,59,ASP,0.0166,0.0383,0.4257,0.2946,0.0879,0.1370,0.1087
window/3/,,60,SER,0.0052,0.0080,0.0179,0.0808,0.5215,0.3665,0.1553
window/3/,,61,GLY,0.0315,0.0743,0.2621,0.2794,0.1564,0.1963,0.1261
window/3/,,62,LYS,nan,nan,nan,nan,nan,nan,nan
window/3/,,63,LEU,0.0000,0.0000,0.6857,0.2718,0.0027,0.0398,0.0075
window/3/,,64,TYR,nan,nan,nan,nan,nan,nan,nan
window/3/,,65,THR,0.0000,0.0000,0.6982,0.2632,0.0024,0.0363,0.0029
window/3/,,66,LEU,0.0000,0.0000,0.7005,0.2615,0.0023,0.0357,0.0027
window/3/,,67,VAL,nan,nan,nan,nan,nan,nan,nan
window/3/,,68,LEU,0.0000,0.0000,0.6943,0.2660,0.0026,0.0372,0.0041
window/3/,,69,THR,nan,nan,nan,nan,nan,nan,nan
window/3/,,70,ASP,0.0000,0.0000,0.6969,0.2640,0.0025,0.0366,0.0048
window/3/,,71,PRO,0.0885,0.1435,0.2361,0.2252,0.1453,0.1614,0.1642
window/3/,,72,ASP,0.0906,0.1535,0.1233,0.2176,0.1990,0.2159,0.1250
window/3/,,73,ALA,0.0002,0.0004,0.2317,0.3280,0.0911,0.3486,0.1092
window/3/,,74,PRO,0.0041,0.0123,0.5286,0.3009,0.0503,0.1038,0.0717
window/3/,,75,SER,nan,nan,nan,nan,nan,nan,nan
window/3/,,76,ARG,0.1168,0.1740,0.1967,0.2036,0.1504,0.1584,0.1415
window/3/,,77,LYS,0.0550,0.0900,0.3173,0.2675,0.1155,0.1547,0.2060
window/3/,,78,ASP,0.0000,0.0000,0.6581,0.2846,0.0047,0.0527,0.1513
window/3/,,79,PRO,0.0000,0.0000,0.6652,0.2834,0.0052,0.0462,0.0079
window/3/,,80,LYS,0.2251,0.2757,0.0604,0.1194,0.1704,0.1490,0.0797
window/3/,,81,TYR,0.0027,0.0082,0.5564,0.3001,0.0399,0.0928,0.0466
window/3/,,82,ARG,0.0000,0.0000,0.6588,0.2888,0.0037,0.0487,0.0097
window/3/,,83,GLU,0.0000,0.0000,0.6748,0.2790,0.0031,0.0432,0.0082
window/3/,,84,TRP,nan,nan,nan,nan,nan,nan,nan
window/3/,,85,HIS,nan,nan,nan,nan,nan,nan,nan
window/3/,,86,HIS,0.0108,0.0237,0.5142,0.2910,0.0562,0.1040,0.1433
window/3/,,87,PHE,nan,nan,nan,nan,nan,nan,nan
window/3/,,88,LEU,nan,nan,nan,nan,nan,nan,nan
window/3/,,89,VAL,nan,nan,nan,nan,nan,nan,nan
window/3/,,90,VAL,nan,nan,nan,nan,nan,nan,nan
window/3/,,91,ASN,0.0022,0.0036,0.0082,0.0688,0.5268,0.3904,0.0575
window/3/,,92,MET,0.0000,0.0000,0.6757,0.2784,0.0031,0.0429,0.0095
window/3/,,93,LYS,nan,nan,nan,nan,nan,nan,nan
window/3/,,94,GLY,0.0006,0.0006,0.0675,0.5586,0.1008,0.2718,0.0596
window/3/,,95,ASN,0.0038,0.0102,0.5465,0.3018,0.0418,0.0959,0.0603
window/3/,,96,ASP,0.0000,0.0000,0.6908,0.2682,0.0027,0.0383,0.0090
window/3/,,97,ILE,0.1477,0.2083,0.1562,0.1753,0.1584,0.1540,0.1674
window/3/,,98,SER,0.0576,0.0896,0.3637,0.2579,0.0987,0.1325,0.2085
window/3/,,99,SER,0.1243,0.1803,0.1911,0.1978,0.1500,0.1565,0.1974
window/3/,,100,GLY,nan,nan,nan,nan,nan,nan,nan
window/3/,,101,THR,0.0000,0.0000,0.6964,0.2644,0.0025,0.0367,0.0046
window/3/,,102,VAL,0.0000,0.0000,0.6789,0.2763,0.0032,0.0416,0.0082
window/3/,,103,LEU,0.0626,0.1137,0.2747,0.2435,0.1417,0.1638,0.2116
window/3/,,104,SER,nan,nan,nan,nan,nan,nan,nan
window/3/,,105,ASP,nan,nan,nan,nan,nan,nan,nan
window/3/,,106,TYR,0.0000,0.0000,0.6765,0.2777,0.0032,0.0425,0.0127
window/3/,,107,VAL,0.0269,0.0524,0.4073,0.2830,0.0934,0.1371,0.1743
window/3/,,108,GLY,nan,nan,nan,nan,nan,nan,nan
window/3/,,109,SER,nan,nan,nan,nan,nan,nan,nan
window/3/,,110,GLY,nan,nan,nan,nan,nan,nan,nan
window/3/,,111,PRO,0.0000,0.0000,0.6385,0.3003,0.0045,0.0566,0.0161
window/3/,,112,PRO,0.0000,0.0000,0.6364,0.3016,0.0045,0.0575,0.0132
window/3/,,113,LYS,0.0000,0.0000,0.6395,0.2985,0.0052,0.0568,0.0393
window/3/,,114,GLY,nan,nan,nan,nan,nan,nan,nan
window/3/,,115,THR,0.0017,0.0039,0.5941,0.2881,0.0306,0.0817,0.1919
window/3/,,116,GLY,nan,nan,nan,nan,nan,nan,nan
window/3/,,117,LEU,0.0000,0.0000,0.6769,0.2773,0.0031,0.0427,0.0172
window/3/,,118,HIS,nan,nan,nan,nan,nan,nan,nan
window/3/,,119,ARG,0.0000,0.0000,0.6902,0.2687,0.0026,0.0384,0.0075
window/3/,,120,TYR,nan,nan,nan,nan,nan,nan,nan
window/3/,,121,VAL,0.0000,0.0000,0.6994,0.2623,0.0023,0.0360,0.0024
window/3/,,122,TRP,0.0000,0.0000,0.6866,0.2712,0.0028,0.0394,0.0065
window/3/,,123,LEU,nan,nan,nan,nan,nan,nan,nan
window/3/,,124,VAL,0.0000,0.0000,0.6958,0.2649,0.0025,0.0369,0.0054
window/3/,,125,TYR,nan,nan,nan,nan,nan,nan,nan
window/3/,,126,GLU,0.0000,0.0000,0.6783,0.2766,0.0029,0.0421,0.0106
window/3/,,127,GLN,nan,nan,nan,nan,nan,nan,nan
window/3/,,128,ASP,0.0254,0.0504,0.4203,0.2835,0.0885,0.1320,0.1585
window/3/,,129,ARG,nan,nan,nan,nan,nan,nan,nan
window/3/,,130,PRO,0.0000,0.0000,0.6509,0.2933,0.0041,0.0517,0.0137
window/3/,,131,LEU,nan,nan,nan,nan,nan,nan,nan
window/3/,,132,LYS,nan,nan,nan,nan,nan,nan,nan
window/3/,,133,CYS,0.0000,0.0000,0.6042,0.2971,0.0155,0.0831,0.2224
window/3/,,134,ASP,0.0180,0.0344,0.4689,0.2928,0.0679,0.1179,0.1892
window/3/,,135,GLU,nan,nan,nan,nan,nan,nan,nan
window/3/,,136,PRO,0.0000,0.0000,0.6386,0.3002,0.0046,0.0566,0.0169
window/3/,,137,ILE,0.0000,0.0000,0.6826,0.2737,0.0029,0.0408,0.0139
window/3/,,138,LEU,0.0370,0.0684,0.3714,0.2738,0.1049,0.1446,0.1938
window/3/,,139,SER,0.0021,0.0020,0.0584,0.4880,0.1524,0.2970,0.0909
window/3/,,140,ASN,0.0059,0.0132,0.5437,0.2991,0.0428,0.0954,0.0870
window/3/,,141,ARG,nan,nan,nan,nan,nan,nan,nan
window/3/,,142,SER,0.0001,0.0002,0.0354,0.3217,0.1338,0.5087,0.1740
window/3/,,143,GLY,0.1146,0.1809,0.1500,0.1979,0.1772,0.1794,0.1253
window/3/,,144,ASP,0.1826,0.2356,0.1169,0.1521,0.1608,0.1520,0.1852
window/3/,,145,HIS,0.0404,0.0670,0.4164,0.2687,0.0847,0.1227,0.2035
window/3/,,146,ARG,0.0272,0.0464,0.4505,0.2820,0.0747,0.1192,0.1877
window/3/,,147,GLY,nan,nan,nan,nan,nan,nan,nan
window/3/,,148,LYS,0.0027,0.0041,0.0162,0.0900,0.4785,0.4085,0.1076
window/3/,,149,PHE,0.0000,0.0000,0.6765,0.2776,0.0031,0.0428,0.0156
window/3/,,150,LYS,0.0000,0.0000,0.6794,0.2754,0.0035,0.0418,0.0174
window/3/,,151,VAL,0.2051,0.2683,0.0691,0.1284,0.1751,0.1541,0.0518
window/3/,,152,ALA,0.2195,0.2778,0.0553,0.1195,0.1749,0.1530,0.0352
window/3/,,153,SER,0.2031,0.2677,0.0603,0.1280,0.1805,0.1603,0.0357
window/3/,,154,PHE,0.2311,0.2811,0.0429,0.1139,0.1753,0.1556,0.0220
window/3/,,155,ARG,0.2142,0.2729,0.0622,0.1233,0.1742,0.1532,0.0519
window/3/,,156,LYS,0.1934,0.2574,0.0672,0.1362,0.1811,0.1647,0.0543
window/3/,,157,LYS,0.2135,0.2722,0.0568,0.1236,0.1769,0.1570,0.0447
window/3/,,158,TYR,0.0050,0.0131,0.5341,0.3009,0.0469,0.0999,0.0481
window/3/,,159,GLU,0.0014,0.0023,0.0537,0.1751,0.3017,0.4658,0.1237
window/3/,,160,LEU,0.0000,0.0000,0.6634,0.2860,0.0035,0.0471,0.0113
window/3/,,161,ARG,nan,nan,nan,nan,nan,nan,nan
window/3/,,162,ALA,nan,nan,nan,nan,nan,nan,nan
window/3/,,163,PRO,0.0000,0.0000,0.6511,0.2930,0.0041,0.0517,0.0196
window/3/,,164,VAL,0.0709,0.1290,0.1676,0.2398,0.1828,0.2099,0.1294
window/3/,,165,ALA,nan,nan,nan,nan,nan,nan,nan
window/3/,,166,GLY,nan,nan,nan,nan,nan,nan,nan
window/3/,,167,THR,nan,nan,nan,nan,nan,nan,nan
window/3/,,168,CYS,nan,nan,nan,nan,nan,nan,nan
window/3/,,169,TYR,nan,nan,nan,nan,nan,nan,nan
window/3/,,170,GLN,nan,nan,nan,nan,nan,nan,nan
window/3/,,171,ALA,nan,nan,nan,nan,nan,nan,nan
window/3/,,172,GLU,nan,nan,nan,nan,nan,nan,nan
window/3/,,173,TRP,0.0000,0.0000,0.6440,0.2974,0.0043,0.0544,0.0135
window/3/,,174,ASP,nan,nan,nan,nan,nan,nan,nan
window/3/,,175,ASP,0.1759,0.2285,0.1394,0.1600,0.1519,0.1444,0.1600
window/3/,,176,TYR,0.1399,0.1992,0.1705,0.1834,0.1539,0.1532,0.1571
window/3/,,177,VAL,0.2329,0.2859,0.0476,0.1116,0.1727,0.1493,0.0279
window/3/,,178,PRO,0.1959,0.2576,0.0916,0.1381,0.1676,0.1492,0.0748
window/3/,,179,LYS,0.1684,0.2368,0.1015,0.1546,0.1759,0.1628,0.0944
window/3/,,180,LEU,0.2217,0.2773,0.0548,0.1193,0.1739,0.1530,0.0405
window/3/,,181,TYR,0.2087,0.2706,0.0718,0.1271,0.1717,0.1502,0.0615
window/3/,,182,GLU,0.2191,0.2769,0.0541,0.1196,0.1758,0.1544,0.0372
window/3/,,183,GLN,0.1988,0.2629,0.0680,0.1326,0.1782,0.1595,0.0475
window/3/,,184,LEU,0.1343,0.1860,0.1942,0.1915,0.1441,0.1500,0.2374
window/3/,,185,SER,0.0257,0.0397,0.4971,0.2810,0.0556,0.1010,0.2181
window/3/,,186,GLY,0.0002,0.0004,0.2309,0.3846,0.1211,0.2629,0.3564
