#Method,SeriesIndex,ResIndex,ResName,coreHelix,surrHelix,coreSheet,surrSheet,Turn,Other,Variability
bootstrap_series/3/10/89/,0,2,PRO,0.0000,0.0000,0.0000,0.0363,0.1069,0.8568,0.0052
bootstrap_series/3/10/89/,1,2,PRO,0.0000,0.0000,0.0000,0.0176,0.1184,0.8640,0.0186
bootstrap_series/3/10/89/,2,2,PRO,0.0000,0.0000,0.0000,0.0144,0.1283,0.8573,0.0254
bootstrap_series/3/10/89/,3,2,PRO,0.0000,0.0000,0.0000,0.0363,0.1069,0.8568,0.0052
bootstrap_series/3/10/89/,4,2,PRO,0.0000,0.0000,0.0000,0.0197,0.1209,0.8594,0.0168
bootstrap_series/3/10/89/,5,2,PRO,0.0000,0.0000,0.0000,0.0311,0.1056,0.8633,0.0084
bootstrap_series/3/10/89/,6,2,PRO,0.0000,0.0000,0.0000,0.0449,0.1032,0.8520,0.0150
bootstrap_series/3/10/89/,7,2,PRO,0.0000,0.0000,0.0000,0.0401,0.1013,0.8586,0.0120
bootstrap_series/3/10/89/,8,2,PRO,0.0000,0.0000,0.0000,0.0637,0.0918,0.8444,0.0383
bootstrap_series/3/10/89/,9,2,PRO,0.0000,0.0000,0.0000,0.0230,0.1225,0.8545,0.0156
