#Method,SeriesIndex,ResIndex,ResName,coreHelix,surrHelix,coreSheet,surrSheet,Turn,Other,Variability
bootstrap_series/3/10/89/,0,2,PRO,0.0000,0.0000,0.0000,0.0408,0.1037,0.8555,0.0057
bootstrap_series/3/10/89/,1,2,PRO,0.0000,0.0000,0.0000,0.0197,0.1170,0.8633,0.0209
bootstrap_series/3/10/89/,2,2,PRO,0.0000,0.0000,0.0000,0.0175,0.1235,0.8590,0.0252
bootstrap_series/3/10/89/,3,2,PRO,0.0000,0.0000,0.0000,0.0408,0.1037,0.8555,0.0057
bootstrap_series/3/10/89/,4,2,PRO,0.0000,0.0000,0.0000,0.0227,0.1171,0.8602,0.0176
bootstrap_series/3/10/89/,5,2,PRO,0.0000,0.0000,0.0000,0.0340,0.1045,0.8615,0.0074
bootstrap_series/3/10/89/,6,2,PRO,0.0000,0.0000,0.0000,0.0502,0.1003,0.8495,0.0165
bootstrap_series/3/10/89/,7,2,PRO,0.0000,0.0000,0.0000,0.0438,0.1005,0.8556,0.0101
bootstrap_series/3/10/89/,8,2,PRO,0.0000,0.0000,0.0001,0.0709,0.0907,0.8383,0.0418
bootstrap_series/3/10/89/,9,2,PRO,0.0000,0.0000,0.0000,0.0273,0.1165,0.8562,0.0129
