#Method,SeriesIndex,ResIndex,ResName,coreHelix,surrHelix,coreSheet,surrSheet,Turn,Other,Variability
bootstrap_series/3/10/89/,0,2,PRO,0.0000,0.0000,0.9820,0.0000,0.0180,0.0000,0.4185
bootstrap_series/3/10/89/,1,2,PRO,0.0000,0.0000,0.0183,0.0000,0.9817,0.0000,0.9444
bootstrap_series/3/10/89/,2,2,PRO,0.0000,0.0000,0.0044,0.0000,0.9956,0.0000,0.9641
bootstrap_series/3/10/89/,3,2,PRO,0.0000,0.0000,0.9820,0.0000,0.0180,0.0000,0.4185
bootstrap_series/3/10/89/,4,2,PRO,0.0000,0.0000,0.2857,0.0000,0.7143,0.0000,0.5662
bootstrap_series/3/10/89/,5,2,PRO,0.0000,0.0000,0.8931,0.0000,0.1069,0.0000,0.2928
bootstrap_series/3/10/89/,6,2,PRO,0.0000,0.0000,0.9988,0.0000,0.0012,0.0000,0.4422
bootstrap_series/3/10/89/,7,2,PRO,0.0000,0.0000,0.9742,0.0000,0.0258,0.0000,0.4075
bootstrap_series/3/10/89/,8,2,PRO,0.0000,0.0000,0.9996,0.0000,0.0004,0.0000,0.4435
bootstrap_series/3/10/89/,9,2,PRO,0.0000,0.0000,0.7227,0.0000,0.2773,0.0000,0.0518
