#Method,SeriesIndex,ResIndex,ResName,coreHelix,surrHelix,coreSheet,surrSheet,Turn,Other,Variability
bootstrap/3/10/89/,,2,PRO,0.0000,0.0000,0.0000,0.0368,0.1078,0.8555,0.0195
