#Method,SeriesIndex,ResIndex,ResName,coreHelix,surrHelix,coreSheet,surrSheet,Turn,Other,Variability
window/3/,,2,PRO,0.0000,0.0000,0.0000,0.0396,0.1017,0.8587,0.0108
