#Method,SeriesIndex,ResIndex,ResName,coreHelix,surrHelix,coreSheet,surrSheet,Turn,Other,Variability
window/3/,,2,PRO,0.0000,0.0000,0.0000,0.0392,0.1014,0.8594,0.0104
