#Method,SeriesIndex,ResIndex,ResName,coreHelix,surrHelix,coreSheet,surrSheet,Turn,Other,Variability
bootstrap/3/500/24/,,2,PRO,0.0000,0.0014,0.0001,0.0338,0.2039,0.7608,0.2036
bootstrap/3/500/24/,,3,VAL,0.0000,0.0000,0.1866,0.4105,0.0380,0.3649,0.4085
bootstrap/3/500/24/,,4,ASP,0.0000,0.0000,0.4253,0.4245,0.0117,0.1385,0.3418
bootstrap/3/500/24/,,5,LEU,0.0001,0.2813,0.0000,0.0000,0.6439,0.0747,0.2590
bootstrap/3/500/24/,,6,SER,0.1604,0.7806,0.0000,0.0000,0.0568,0.0022,0.3010
bootstrap/3/500/24/,,7,LYS,0.0199,0.6349,0.0000,0.0000,0.3218,0.0235,0.3548
bootstrap/3/500/24/,,8,TRP,0.8749,0.1237,0.0000,0.0000,0.0013,0.0001,0.1935
bootstrap/3/500/24/,,9,SER,0.0034,0.3914,0.0000,0.0001,0.5429,0.0622,0.3110
bootstrap/3/500/24/,,10,GLY,0.0000,0.0105,0.0001,0.0292,0.3565,0.6036,0.1728
bootstrap/3/500/24/,,11,PRO,0.4071,0.5564,0.0000,0.0000,0.0346,0.0019,0.4355
bootstrap/3/500/24/,,12,LEU,0.2815,0.4494,0.0005,0.0089,0.1961,0.0635,0.5564
bootstrap/3/500/24/,,13,SER,0.0000,0.0000,0.0004,0.0017,0.8053,0.1926,0.1887
bootstrap/3/500/24/,,14,LEU,0.0000,0.0232,0.0143,0.0838,0.4906,0.3881,0.3656
bootstrap/3/500/24/,,15,GLN,0.0229,0.4107,0.0000,0.0001,0.5098,0.0566,0.4810
bootstrap/3/500/24/,,16,GLU,0.0354,0.5419,0.0000,0.0000,0.3822,0.0405,0.3890
bootstrap/3/500/24/,,17,VAL,0.0132,0.0775,0.0775,0.2484,0.2264,0.3570,0.4834
bootstrap/3/500/24/,,18,ASP,0.0000,0.0000,0.0530,0.2125,0.0675,0.6670,0.3426
bootstrap/3/500/24/,,19,GLU,0.0000,0.0041,0.0026,0.1051,0.1628,0.7253,0.2505
bootstrap/3/500/24/,,20,GLN,0.0000,0.0000,0.0032,0.0464,0.1996,0.7508,0.1841
bootstrap/3/500/24/,,21,PRO,0.0000,0.0000,0.0000,0.0414,0.1075,0.8511,0.0566
bootstrap/3/500/24/,,22,GLN,0.3800,0.5774,0.0000,0.0000,0.0393,0.0033,0.4439
bootstrap/3/500/24/,,23,HIS,0.0000,0.0000,0.8339,0.1607,0.0003,0.0051,0.0697
bootstrap/3/500/24/,,24,PRO,0.0000,0.0000,0.0005,0.0767,0.1004,0.8224,0.1086
bootstrap/3/500/24/,,25,LEU,0.0000,0.0000,0.5876,0.3590,0.0043,0.0491,0.2747
bootstrap/3/500/24/,,26,HIS,0.0000,0.0000,0.6236,0.3352,0.0043,0.0368,0.2565
bootstrap/3/500/24/,,27,VAL,0.0000,0.0000,0.7569,0.2331,0.0007,0.0093,0.1279
bootstrap/3/500/24/,,28,THR,0.0000,0.0000,0.8035,0.1898,0.0004,0.0062,0.0778
bootstrap/3/500/24/,,29,TYR,0.0000,0.0000,0.8538,0.1389,0.0003,0.0070,0.0516
bootstrap/3/500/24/,,30,ALA,0.0015,0.0009,0.0006,0.0805,0.1417,0.7749,0.1390
bootstrap/3/500/24/,,31,GLY,0.0000,0.0005,0.0000,0.0000,0.9714,0.0280,0.0278
bootstrap/3/500/24/,,32,ALA,0.0000,0.0001,0.0112,0.0955,0.5525,0.3406,0.3559
bootstrap/3/500/24/,,33,ALA,0.0000,0.0000,0.1399,0.4157,0.0384,0.4060,0.3566
bootstrap/3/500/24/,,34,VAL,0.0000,0.0000,0.4163,0.4786,0.0186,0.0866,0.2750
bootstrap/3/500/24/,,35,ASP,0.0009,0.5002,0.0000,0.0006,0.4025,0.0958,0.3208
bootstrap/3/500/24/,,36,GLU,0.0000,0.0000,0.3322,0.4079,0.0216,0.2382,0.4222
bootstrap/3/500/24/,,37,LEU,0.0000,0.0000,0.0111,0.2324,0.0752,0.6814,0.2126
bootstrap/3/500/24/,,38,GLY,0.0000,0.0000,0.0000,0.0000,0.9608,0.0392,0.0220
bootstrap/3/500/24/,,39,LYS,0.0000,0.0000,0.0002,0.0504,0.1051,0.8442,0.0660
bootstrap/3/500/24/,,40,VAL,0.0000,0.0000,0.1568,0.5473,0.0259,0.2700,0.2303
bootstrap/3/500/24/,,41,LEU,0.0000,0.0000,0.7697,0.2205,0.0007,0.0091,0.1399
bootstrap/3/500/24/,,42,THR,0.0000,0.0000,0.1816,0.5161,0.0282,0.2740,0.3197
bootstrap/3/500/24/,,43,PRO,0.5676,0.4247,0.0000,0.0000,0.0075,0.0002,0.3121
bootstrap/3/500/24/,,44,THR,0.5125,0.4734,0.0000,0.0000,0.0136,0.0005,0.4124
bootstrap/3/500/24/,,45,GLN,0.1576,0.7370,0.0000,0.0000,0.0989,0.0064,0.3390
bootstrap/3/500/24/,,46,VAL,0.0000,0.0532,0.0002,0.0047,0.7651,0.1767,0.1479
bootstrap/3/500/24/,,47,LYS,0.3666,0.5921,0.0000,0.0000,0.0391,0.0022,0.4232
bootstrap/3/500/24/,,48,ASN,0.0000,0.0000,0.5294,0.4124,0.0050,0.0532,0.2920
bootstrap/3/500/24/,,49,ARG,0.0000,0.0000,0.0013,0.1095,0.0944,0.7949,0.1362
bootstrap/3/500/24/,,50,PRO,0.0000,0.0000,0.0000,0.0160,0.1124,0.8716,0.0225
bootstrap/3/500/24/,,51,THR,0.0482,0.7324,0.0000,0.0000,0.2013,0.0181,0.2929
bootstrap/3/500/24/,,52,SER,0.0000,0.0000,0.7946,0.1801,0.0012,0.0242,0.1618
bootstrap/3/500/24/,,53,ILE,0.0000,0.0000,0.7795,0.2142,0.0004,0.0059,0.1009
bootstrap/3/500/24/,,54,SER,0.0000,0.0000,0.8349,0.1530,0.0005,0.0116,0.0616
bootstrap/3/500/24/,,55,TRP,0.0000,0.0000,0.7998,0.1795,0.0008,0.0199,0.1465
bootstrap/3/500/24/,,56,ASP,0.0000,0.0021,0.0177,0.2402,0.1529,0.5872,0.2991
bootstrap/3/500/24/,,57,GLY,0.0000,0.0017,0.0000,0.0000,0.9605,0.0378,0.0538
bootstrap/3/500/24/,,58,LEU,0.0000,0.0000,0.0159,0.2082,0.0825,0.6935,0.2404
bootstrap/3/500/24/,,59,ASP,0.0045,0.4475,0.0001,0.0014,0.4742,0.0724,0.3608
bootstrap/3/500/24/,,60,SER,0.0000,0.0005,0.0000,0.0000,0.9539,0.0456,0.0430
bootstrap/3/500/24/,,61,GLY,0.0076,0.6033,0.0000,0.0003,0.3273,0.0614,0.3249
bootstrap/3/500/24/,,62,LYS,0.0000,0.0000,0.1168,0.4738,0.0378,0.3715,0.3364
bootstrap/3/500/24/,,63,LEU,0.0000,0.0000,0.3032,0.5491,0.0134,0.1343,0.2518
bootstrap/3/500/24/,,64,TYR,0.0000,0.0000,0.8709,0.1246,0.0003,0.0043,0.0353
bootstrap/3/500/24/,,65,THR,0.0000,0.0000,0.7824,0.2094,0.0006,0.0077,0.0824
bootstrap/3/500/24/,,66,LEU,0.0000,0.0000,0.8062,0.1881,0.0003,0.0054,0.0603
bootstrap/3/500/24/,,67,VAL,0.0000,0.0000,0.8334,0.1621,0.0003,0.0042,0.0516
bootstrap/3/500/24/,,68,LEU,0.0000,0.0000,0.6760,0.3022,0.0019,0.0200,0.1352
bootstrap/3/500/24/,,69,THR,0.0000,0.0000,0.8573,0.1366,0.0004,0.0057,0.0627
bootstrap/3/500/24/,,70,ASP,0.0000,0.0000,0.6343,0.3408,0.0021,0.0229,0.1609
bootstrap/3/500/24/,,71,PRO,0.1733,0.7696,0.0000,0.0000,0.0544,0.0027,0.2892
bootstrap/3/500/24/,,72,ASP,0.1085,0.8002,0.0000,0.0001,0.0739,0.0173,0.2599
bootstrap/3/500/24/,,73,ALA,0.0000,0.0002,0.0002,0.0007,0.7683,0.2307,0.1284
bootstrap/3/500/24/,,74,PRO,0.0000,0.1594,0.0000,0.0001,0.7376,0.1029,0.1704
bootstrap/3/500/24/,,75,SER,0.0000,0.0000,0.8152,0.1640,0.0011,0.0197,0.1637
bootstrap/3/500/24/,,76,ARG,0.2634,0.7045,0.0000,0.0000,0.0309,0.0012,0.3399
bootstrap/3/500/24/,,77,LYS,0.0664,0.6548,0.0000,0.0015,0.2437,0.0335,0.3811
bootstrap/3/500/24/,,78,ASP,0.0000,0.0000,0.0289,0.4415,0.1510,0.3786,0.3011
bootstrap/3/500/24/,,79,PRO,0.0000,0.0041,0.0003,0.0585,0.6213,0.3158,0.1730
bootstrap/3/500/24/,,80,LYS,0.7482,0.2477,0.0000,0.0000,0.0039,0.0003,0.3361
bootstrap/3/500/24/,,81,TYR,0.0000,0.1459,0.0000,0.0000,0.7590,0.0950,0.1110
bootstrap/3/500/24/,,82,ARG,0.0000,0.0000,0.0041,0.1502,0.0846,0.7612,0.1763
bootstrap/3/500/24/,,83,GLU,0.0000,0.0000,0.0446,0.4624,0.0466,0.4464,0.2555
bootstrap/3/500/24/,,84,TRP,0.0000,0.0000,0.7711,0.2223,0.0004,0.0062,0.0920
bootstrap/3/500/24/,,85,HIS,0.0000,0.0000,0.5728,0.3838,0.0036,0.0398,0.2458
bootstrap/3/500/24/,,86,HIS,0.0002,0.2255,0.0000,0.0001,0.6872,0.0870,0.2583
bootstrap/3/500/24/,,87,PHE,0.0000,0.0000,0.1420,0.3696,0.0404,0.4480,0.3627
bootstrap/3/500/24/,,88,LEU,0.0000,0.0000,0.6558,0.3157,0.0025,0.0261,0.1560
bootstrap/3/500/24/,,89,VAL,0.0000,0.0000,0.8247,0.1713,0.0002,0.0037,0.0383
bootstrap/3/500/24/,,90,VAL,0.0000,0.0000,0.7652,0.2250,0.0007,0.0090,0.1093
bootstrap/3/500/24/,,91,ASN,0.0000,0.0000,0.0000,0.0000,0.9562,0.0438,0.0139
bootstrap/3/500/24/,,92,MET,0.0000,0.0000,0.0730,0.4739,0.0424,0.4107,0.2843
bootstrap/3/500/24/,,93,LYS,0.0000,0.0000,0.6877,0.2624,0.0039,0.0459,0.3047
bootstrap/3/500/24/,,94,GLY,0.0000,0.0143,0.0007,0.0085,0.6125,0.3639,0.1944
bootstrap/3/500/24/,,95,ASN,0.0001,0.2305,0.0000,0.0000,0.6969,0.0724,0.2515
bootstrap/3/500/24/,,96,ASP,0.0000,0.0000,0.5066,0.4235,0.0061,0.0638,0.2747
bootstrap/3/500/24/,,97,ILE,0.4248,0.5516,0.0000,0.0000,0.0225,0.0011,0.4316
bootstrap/3/500/24/,,98,SER,0.0476,0.7439,0.0000,0.0000,0.1965,0.0119,0.3104
bootstrap/3/500/24/,,99,SER,0.3447,0.5940,0.0000,0.0000,0.0575,0.0039,0.4388
bootstrap/3/500/24/,,100,GLY,0.0000,0.0000,0.0022,0.3161,0.1032,0.5784,0.2191
bootstrap/3/500/24/,,101,THR,0.0000,0.0000,0.6914,0.2884,0.0016,0.0186,0.1544
bootstrap/3/500/24/,,102,VAL,0.0000,0.0000,0.1777,0.5283,0.0297,0.2644,0.2568
bootstrap/3/500/24/,,103,LEU,0.0517,0.6830,0.0000,0.0016,0.2195,0.0442,0.3808
bootstrap/3/500/24/,,104,SER,0.0000,0.0000,0.4470,0.2473,0.0307,0.2750,0.5241
bootstrap/3/500/24/,,105,ASP,0.0000,0.0000,0.0778,0.4254,0.0551,0.4417,0.3754
bootstrap/3/500/24/,,106,TYR,0.0000,0.0000,0.1412,0.4735,0.0379,0.3474,0.3024
bootstrap/3/500/24/,,107,VAL,0.0105,0.5343,0.0000,0.0000,0.4108,0.0444,0.3425
bootstrap/3/500/24/,,108,GLY,0.0000,0.0000,0.0304,0.1767,0.3542,0.4387,0.4224
bootstrap/3/500/24/,,109,SER,0.0000,0.0000,0.4598,0.3939,0.0133,0.1331,0.4017
bootstrap/3/500/24/,,110,GLY,0.0000,0.0000,0.0466,0.5776,0.0754,0.3004,0.2420
bootstrap/3/500/24/,,111,PRO,0.0000,0.0000,0.0001,0.0402,0.1049,0.8548,0.0547
bootstrap/3/500/24/,,112,PRO,0.0000,0.0000,0.0001,0.0320,0.1071,0.8608,0.0594
bootstrap/3/500/24/,,113,LYS,0.0000,0.0000,0.0005,0.0715,0.1166,0.8115,0.1311
bootstrap/3/500/24/,,114,GLY,0.0000,0.0000,0.0029,0.0847,0.3087,0.6037,0.3585
bootstrap/3/500/24/,,115,THR,0.0000,0.0023,0.0161,0.1185,0.2738,0.5893,0.3591
bootstrap/3/500/24/,,116,GLY,0.0000,0.0001,0.0017,0.1079,0.1966,0.6937,0.2184
bootstrap/3/500/24/,,117,LEU,0.0000,0.0000,0.1444,0.4469,0.0393,0.3694,0.3586
bootstrap/3/500/24/,,118,HIS,0.0000,0.0000,0.6085,0.3421,0.0040,0.0454,0.2865
bootstrap/3/500/24/,,119,ARG,0.0000,0.0000,0.4943,0.4346,0.0066,0.0645,0.2672
bootstrap/3/500/24/,,120,TYR,0.0000,0.0000,0.7786,0.2102,0.0008,0.0104,0.1250
bootstrap/3/500/24/,,121,VAL,0.0000,0.0000,0.7856,0.2074,0.0005,0.0065,0.0556
bootstrap/3/500/24/,,122,TRP,0.0000,0.0000,0.4075,0.4882,0.0089,0.0954,0.2376
bootstrap/3/500/24/,,123,LEU,0.0000,0.0000,0.8355,0.1608,0.0002,0.0035,0.0454
bootstrap/3/500/24/,,124,VAL,0.0000,0.0000,0.6703,0.3056,0.0021,0.0219,0.1729
bootstrap/3/500/24/,,125,TYR,0.0000,0.0000,0.5891,0.3703,0.0035,0.0370,0.2630
bootstrap/3/500/24/,,126,GLU,0.0000,0.0000,0.1157,0.5081,0.0350,0.3413,0.2981
bootstrap/3/500/24/,,127,GLN,0.0000,0.0000,0.7790,0.2094,0.0008,0.0107,0.1627
bootstrap/3/500/24/,,128,ASP,0.0072,0.5465,0.0000,0.0000,0.4084,0.0379,0.3509
bootstrap/3/500/24/,,129,ARG,0.0000,0.0000,0.8106,0.1666,0.0009,0.0219,0.1279
bootstrap/3/500/24/,,130,PRO,0.0000,0.0002,0.0009,0.0849,0.1065,0.8075,0.1270
bootstrap/3/500/24/,,131,LEU,0.0000,0.0000,0.3750,0.4886,0.0119,0.1245,0.3072
bootstrap/3/500/24/,,132,LYS,0.0000,0.0044,0.2883,0.3902,0.1096,0.2075,0.4454
bootstrap/3/500/24/,,133,CYS,0.0000,0.0000,0.1620,0.3643,0.0733,0.4003,0.4563
bootstrap/3/500/24/,,134,ASP,0.0139,0.3811,0.0000,0.0000,0.5352,0.0697,0.3847
bootstrap/3/500/24/,,135,GLU,0.0000,0.0000,0.0776,0.3307,0.0573,0.5344,0.3738
bootstrap/3/500/24/,,136,PRO,0.0000,0.0000,0.0004,0.0527,0.1101,0.8367,0.0943
bootstrap/3/500/24/,,137,ILE,0.0000,0.0000,0.2512,0.4850,0.0275,0.2363,0.3476
bootstrap/3/500/24/,,138,LEU,0.0257,0.5626,0.0000,0.0000,0.3709,0.0407,0.3876
bootstrap/3/500/24/,,139,SER,0.0000,0.0198,0.0000,0.0012,0.7393,0.2397,0.1844
bootstrap/3/500/24/,,140,ASN,0.0001,0.2410,0.0000,0.0000,0.6852,0.0737,0.2564
bootstrap/3/500/24/,,141,ARG,0.0000,0.0000,0.5406,0.3788,0.0098,0.0709,0.3346
bootstrap/3/500/24/,,142,SER,0.0000,0.0000,0.0000,0.0001,0.3368,0.6631,0.2731
bootstrap/3/500/24/,,143,GLY,0.2320,0.7276,0.0000,0.0000,0.0373,0.0032,0.2990
bootstrap/3/500/24/,,144,ASP,0.6019,0.3854,0.0000,0.0000,0.0120,0.0006,0.4471
bootstrap/3/500/24/,,145,HIS,0.0216,0.5618,0.0000,0.0008,0.3716,0.0442,0.4317
bootstrap/3/500/24/,,146,ARG,0.0079,0.4961,0.0000,0.0000,0.4545,0.0416,0.3400
bootstrap/3/500/24/,,147,GLY,0.0000,0.0000,0.0195,0.3365,0.0660,0.5780,0.2787
bootstrap/3/500/24/,,148,LYS,0.0000,0.0000,0.0000,0.0000,0.9386,0.0614,0.0399
bootstrap/3/500/24/,,149,PHE,0.0000,0.0000,0.0996,0.4500,0.0437,0.4067,0.3352
bootstrap/3/500/24/,,150,LYS,0.0000,0.0001,0.0869,0.4320,0.1549,0.3262,0.3540
bootstrap/3/500/24/,,151,VAL,0.8151,0.1829,0.0000,0.0000,0.0020,0.0001,0.2243
bootstrap/3/500/24/,,152,ALA,0.8849,0.1144,0.0000,0.0000,0.0007,0.0000,0.0974
bootstrap/3/500/24/,,153,SER,0.8614,0.1375,0.0000,0.0000,0.0010,0.0001,0.1607
bootstrap/3/500/24/,,154,PHE,0.9341,0.0656,0.0000,0.0000,0.0003,0.0000,0.0285
bootstrap/3/500/24/,,155,ARG,0.8653,0.1338,0.0000,0.0000,0.0009,0.0000,0.1236
bootstrap/3/500/24/,,156,LYS,0.8132,0.1848,0.0000,0.0000,0.0019,0.0001,0.2366
bootstrap/3/500/24/,,157,LYS,0.8824,0.1168,0.0000,0.0000,0.0008,0.0000,0.1223
bootstrap/3/500/24/,,158,TYR,0.0001,0.3378,0.0000,0.0000,0.6039,0.0582,0.2092
bootstrap/3/500/24/,,159,GLU,0.0000,0.0000,0.0000,0.0000,0.8578,0.1421,0.0793
bootstrap/3/500/24/,,160,LEU,0.0000,0.0000,0.0151,0.2321,0.0744,0.6784,0.2591
bootstrap/3/500/24/,,161,ARG,0.0132,0.0212,0.0986,0.4062,0.1666,0.2942,0.4080
bootstrap/3/500/24/,,162,ALA,0.0000,0.0000,0.0220,0.1127,0.0838,0.7814,0.2545
bootstrap/3/500/24/,,163,PRO,0.0000,0.0000,0.0023,0.1210,0.0919,0.7848,0.1500
bootstrap/3/500/24/,,164,VAL,0.0777,0.7883,0.0000,0.0001,0.1117,0.0221,0.2588
bootstrap/3/500/24/,,165,ALA,0.0000,0.0000,0.8546,0.1344,0.0004,0.0106,0.0527
bootstrap/3/500/24/,,166,GLY,0.0000,0.0000,0.3949,0.4708,0.0044,0.1300,0.2926
bootstrap/3/500/24/,,167,THR,0.0000,0.0000,0.6513,0.2880,0.0025,0.0582,0.1136
bootstrap/3/500/24/,,168,CYS,0.0000,0.0000,0.8650,0.1308,0.0002,0.0040,0.0315
bootstrap/3/500/24/,,169,TYR,0.0000,0.0000,0.7767,0.2124,0.0007,0.0103,0.1029
bootstrap/3/500/24/,,170,GLN,0.0000,0.0000,0.8486,0.1469,0.0003,0.0043,0.0452
bootstrap/3/500/24/,,171,ALA,0.0000,0.0000,0.8507,0.1388,0.0004,0.0101,0.0491
bootstrap/3/500/24/,,172,GLU,0.0000,0.0000,0.7289,0.2533,0.0013,0.0165,0.2050
bootstrap/3/500/24/,,173,TRP,0.0000,0.0000,0.0005,0.0543,0.1048,0.8405,0.0792
bootstrap/3/500/24/,,174,ASP,0.0000,0.0000,0.7563,0.2078,0.0036,0.0323,0.1477
bootstrap/3/500/24/,,175,ASP,0.4239,0.5549,0.0000,0.0000,0.0200,0.0011,0.4005
bootstrap/3/500/24/,,176,TYR,0.3558,0.6155,0.0000,0.0000,0.0273,0.0014,0.3957
bootstrap/3/500/24/,,177,VAL,0.9158,0.0838,0.0000,0.0000,0.0004,0.0000,0.0571
bootstrap/3/500/24/,,178,PRO,0.6296,0.3662,0.0000,0.0000,0.0041,0.0001,0.2803
bootstrap/3/500/24/,,179,LYS,0.6289,0.3642,0.0000,0.0000,0.0066,0.0003,0.3727
bootstrap/3/500/24/,,180,LEU,0.8822,0.1170,0.0000,0.0000,0.0008,0.0000,0.1484
bootstrap/3/500/24/,,181,TYR,0.8070,0.1914,0.0000,0.0000,0.0015,0.0001,0.2107
bootstrap/3/500/24/,,182,GLU,0.8944,0.1050,0.0000,0.0000,0.0006,0.0000,0.1093
bootstrap/3/500/24/,,183,GLN,0.8068,0.1915,0.0000,0.0000,0.0017,0.0001,0.2191
bootstrap/3/500/24/,,184,LEU,0.3696,0.5267,0.0000,0.0001,0.0911,0.0125,0.4974
bootstrap/3/500/24/,,185,SER,0.0078,0.1954,0.0034,0.0275,0.4877,0.2781,0.4686
bootstrap/3/500/24/,,186,GLY,0.0000,0.0000,0.0003,0.0467,0.3629,0.5901,0.3229
